Archive member included because of file (symbol)

c:/winavr-20080610/bin/../lib/gcc/avr/4.3.0/avr51\libgcc.a(_udivmodsi4.o)
                              uart.o (__udivmodsi4)
c:/winavr-20080610/bin/../lib/gcc/avr/4.3.0/avr51\libgcc.a(_exit.o)
                              c:/winavr-20080610/bin/../lib/gcc/avr/4.3.0/../../../../avr/lib/avr51/crtm1284p.o (exit)
c:/winavr-20080610/bin/../lib/gcc/avr/4.3.0/avr51\libgcc.a(_clear_bss.o)
                              uart.o (__do_clear_bss)

Allocating common symbols
Common symbol       size              file

CAM_RESPONSE        0xa               pepper.o
BT_RESPONSE         0x32              pepper.o
send                0x1               pepper.o

Memory Configuration

Name             Origin             Length             Attributes
text             0x00000000         0x00020000         xr
data             0x00800060         0x0000ffa0         rw !x
eeprom           0x00810000         0x00010000         rw !x
fuse             0x00820000         0x00000400         rw !x
lock             0x00830000         0x00000400         rw !x
signature        0x00840000         0x00000400         rw !x
*default*        0x00000000         0xffffffff

Linker script and memory map

Address of section .data set to 0x800100
LOAD c:/winavr-20080610/bin/../lib/gcc/avr/4.3.0/../../../../avr/lib/avr51/crtm1284p.o
LOAD uart.o
LOAD pepper.o
LOAD bt_lib.o
LOAD camera_lib.o
LOAD c:/winavr-20080610/bin/../lib/gcc/avr/4.3.0/../../../../avr/lib/avr51\libm.a
LOAD c:/winavr-20080610/bin/../lib/gcc/avr/4.3.0/avr51\libgcc.a
LOAD c:/winavr-20080610/bin/../lib/gcc/avr/4.3.0/../../../../avr/lib/avr51\libc.a
LOAD c:/winavr-20080610/bin/../lib/gcc/avr/4.3.0/avr51\libgcc.a

.hash
 *(.hash)

.dynsym
 *(.dynsym)

.dynstr
 *(.dynstr)

.gnu.version
 *(.gnu.version)

.gnu.version_d
 *(.gnu.version_d)

.gnu.version_r
 *(.gnu.version_r)

.rel.init
 *(.rel.init)

.rela.init
 *(.rela.init)

.rel.text
 *(.rel.text)
 *(.rel.text.*)
 *(.rel.gnu.linkonce.t*)

.rela.text
 *(.rela.text)
 *(.rela.text.*)
 *(.rela.gnu.linkonce.t*)

.rel.fini
 *(.rel.fini)

.rela.fini
 *(.rela.fini)

.rel.rodata
 *(.rel.rodata)
 *(.rel.rodata.*)
 *(.rel.gnu.linkonce.r*)

.rela.rodata
 *(.rela.rodata)
 *(.rela.rodata.*)
 *(.rela.gnu.linkonce.r*)

.rel.data
 *(.rel.data)
 *(.rel.data.*)
 *(.rel.gnu.linkonce.d*)

.rela.data
 *(.rela.data)
 *(.rela.data.*)
 *(.rela.gnu.linkonce.d*)

.rel.ctors
 *(.rel.ctors)

.rela.ctors
 *(.rela.ctors)

.rel.dtors
 *(.rel.dtors)

.rela.dtors
 *(.rela.dtors)

.rel.got
 *(.rel.got)

.rela.got
 *(.rela.got)

.rel.bss
 *(.rel.bss)

.rela.bss
 *(.rela.bss)

.rel.plt
 *(.rel.plt)

.rela.plt
 *(.rela.plt)

.text           0x00000000      0x6cc
 *(.vectors)
 .vectors       0x00000000       0x8c c:/winavr-20080610/bin/../lib/gcc/avr/4.3.0/../../../../avr/lib/avr51/crtm1284p.o
                0x00000000                __vectors
                0x00000000                __vector_default
 *(.vectors)
 *(.progmem.gcc*)
 *(.progmem*)
                0x0000008c                . = ALIGN (0x2)
                0x0000008c                __trampolines_start = .
 *(.trampolines)
 .trampolines   0x0000008c        0x0 linker stubs
 *(.trampolines*)
                0x0000008c                __trampolines_end = .
 *(.jumptables)
 *(.jumptables*)
 *(.lowtext)
 *(.lowtext*)
                0x0000008c                __ctors_start = .
 *(.ctors)
                0x0000008c                __ctors_end = .
                0x0000008c                __dtors_start = .
 *(.dtors)
                0x0000008c                __dtors_end = .
 SORT(*)(.ctors)
 SORT(*)(.dtors)
 *(.init0)
 .init0         0x0000008c        0x0 c:/winavr-20080610/bin/../lib/gcc/avr/4.3.0/../../../../avr/lib/avr51/crtm1284p.o
                0x0000008c                __init
 *(.init0)
 *(.init1)
 *(.init1)
 *(.init2)
 .init2         0x0000008c        0xc c:/winavr-20080610/bin/../lib/gcc/avr/4.3.0/../../../../avr/lib/avr51/crtm1284p.o
 *(.init2)
 *(.init3)
 *(.init3)
 *(.init4)
 .init4         0x00000098       0x1a c:/winavr-20080610/bin/../lib/gcc/avr/4.3.0/../../../../avr/lib/avr51/crtm1284p.o
                0x00000098                __do_copy_data
 .init4         0x000000b2       0x10 c:/winavr-20080610/bin/../lib/gcc/avr/4.3.0/avr51\libgcc.a(_clear_bss.o)
                0x000000b2                __do_clear_bss
 *(.init4)
 *(.init5)
 *(.init5)
 *(.init6)
 *(.init6)
 *(.init7)
 *(.init7)
 *(.init8)
 *(.init8)
 *(.init9)
 .init9         0x000000c2        0x8 c:/winavr-20080610/bin/../lib/gcc/avr/4.3.0/../../../../avr/lib/avr51/crtm1284p.o
 *(.init9)
 *(.text)
 .text          0x000000ca        0x4 c:/winavr-20080610/bin/../lib/gcc/avr/4.3.0/../../../../avr/lib/avr51/crtm1284p.o
                0x000000ca                __vector_22
                0x000000ca                __vector_28
                0x000000ca                __vector_1
                0x000000ca                __vector_32
                0x000000ca                __vector_34
                0x000000ca                __vector_24
                0x000000ca                __vector_12
                0x000000ca                __bad_interrupt
                0x000000ca                __vector_6
                0x000000ca                __vector_31
                0x000000ca                __vector_23
                0x000000ca                __vector_30
                0x000000ca                __vector_25
                0x000000ca                __vector_11
                0x000000ca                __vector_13
                0x000000ca                __vector_17
                0x000000ca                __vector_19
                0x000000ca                __vector_7
                0x000000ca                __vector_27
                0x000000ca                __vector_5
                0x000000ca                __vector_33
                0x000000ca                __vector_4
                0x000000ca                __vector_9
                0x000000ca                __vector_2
                0x000000ca                __vector_21
                0x000000ca                __vector_15
                0x000000ca                __vector_29
                0x000000ca                __vector_8
                0x000000ca                __vector_26
                0x000000ca                __vector_14
                0x000000ca                __vector_10
                0x000000ca                __vector_16
                0x000000ca                __vector_18
                0x000000ca                __vector_20
 .text          0x000000ce      0x10c uart.o
                0x000000ce                uart_init_0
                0x0000018e                uart_getchar_0
                0x0000011a                uart_init_1
                0x0000017a                uart_putchar_1
                0x000001b4                uart_getchar_1
                0x00000166                uart_putchar_0
 .text          0x000001da      0x110 pepper.o
                0x00000232                interrupt_init
                0x000001da                __vector_3
                0x00000244                main
 .text          0x000002ea       0xa4 bt_lib.o
                0x0000037e                bt_init
                0x00000310                bt_sendCommand
                0x00000346                bt_setSrv
                0x000002f0                bt_sendMsg
                0x00000362                bt_getInfo
                0x000002ea                bt_sendPicture
 .text          0x0000038e      0x2f6 camera_lib.o
                0x0000051a                camera_reset
                0x000004c6                camera_takePic
                0x000005b6                camera_getFile
                0x00000556                camera_getSize
                0x0000038e                camera_getBlock
                0x00000456                camera_sendCommand
                0x00000670                camera_init
 .text          0x00000684        0x0 c:/winavr-20080610/bin/../lib/gcc/avr/4.3.0/avr51\libgcc.a(_udivmodsi4.o)
 .text          0x00000684        0x0 c:/winavr-20080610/bin/../lib/gcc/avr/4.3.0/avr51\libgcc.a(_exit.o)
 .text          0x00000684        0x0 c:/winavr-20080610/bin/../lib/gcc/avr/4.3.0/avr51\libgcc.a(_clear_bss.o)
                0x00000684                . = ALIGN (0x2)
 *(.text.*)
 .text.libgcc   0x00000684       0x44 c:/winavr-20080610/bin/../lib/gcc/avr/4.3.0/avr51\libgcc.a(_udivmodsi4.o)
                0x00000684                __udivmodsi4
 .text.libgcc   0x000006c8        0x0 c:/winavr-20080610/bin/../lib/gcc/avr/4.3.0/avr51\libgcc.a(_exit.o)
 .text.libgcc   0x000006c8        0x0 c:/winavr-20080610/bin/../lib/gcc/avr/4.3.0/avr51\libgcc.a(_clear_bss.o)
                0x000006c8                . = ALIGN (0x2)
 *(.fini9)
 .fini9         0x000006c8        0x0 c:/winavr-20080610/bin/../lib/gcc/avr/4.3.0/avr51\libgcc.a(_exit.o)
                0x000006c8                exit
                0x000006c8                _exit
 *(.fini9)
 *(.fini8)
 *(.fini8)
 *(.fini7)
 *(.fini7)
 *(.fini6)
 *(.fini6)
 *(.fini5)
 *(.fini5)
 *(.fini4)
 *(.fini4)
 *(.fini3)
 *(.fini3)
 *(.fini2)
 *(.fini2)
 *(.fini1)
 *(.fini1)
 *(.fini0)
 .fini0         0x000006c8        0x4 c:/winavr-20080610/bin/../lib/gcc/avr/4.3.0/avr51\libgcc.a(_exit.o)
 *(.fini0)
                0x000006cc                _etext = .

.data           0x00800100       0x44 load address 0x000006cc
                0x00800100                PROVIDE (__data_start, .)
 *(.data)
 .data          0x00800100        0x0 c:/winavr-20080610/bin/../lib/gcc/avr/4.3.0/../../../../avr/lib/avr51/crtm1284p.o
 .data          0x00800100        0x0 uart.o
 .data          0x00800100        0x0 pepper.o
 .data          0x00800100        0xf bt_lib.o
                0x00800100                GET_INFO
                0x00800104                SET_SERVER
 .data          0x0080010f       0x35 camera_lib.o
                0x00800114                GS_Response
                0x0080011b                RESET_CAMERA
                0x00800128                TP_Response
                0x00800137                READ_DATA
                0x00800123                TAKE_PICTURE
                0x0080012d                STOP_TAKING_PICS
                0x0080010f                GET_SIZE
                0x0080013f                RD_Response
                0x0080011f                RS_Response
                0x00800132                ST_Response
 .data          0x00800144        0x0 c:/winavr-20080610/bin/../lib/gcc/avr/4.3.0/avr51\libgcc.a(_udivmodsi4.o)
 .data          0x00800144        0x0 c:/winavr-20080610/bin/../lib/gcc/avr/4.3.0/avr51\libgcc.a(_exit.o)
 .data          0x00800144        0x0 c:/winavr-20080610/bin/../lib/gcc/avr/4.3.0/avr51\libgcc.a(_clear_bss.o)
 *(.data*)
 *(.rodata)
 *(.rodata*)
 *(.gnu.linkonce.d*)
                0x00800144                . = ALIGN (0x2)
                0x00800144                _edata = .
                0x00800144                PROVIDE (__data_end, .)

.bss            0x00800144       0x3d load address 0x00000710
                0x00800144                PROVIDE (__bss_start, .)
 *(.bss)
 .bss           0x00800144        0x0 c:/winavr-20080610/bin/../lib/gcc/avr/4.3.0/../../../../avr/lib/avr51/crtm1284p.o
 .bss           0x00800144        0x0 uart.o
 .bss           0x00800144        0x0 pepper.o
 .bss           0x00800144        0x0 bt_lib.o
 .bss           0x00800144        0x0 camera_lib.o
 .bss           0x00800144        0x0 c:/winavr-20080610/bin/../lib/gcc/avr/4.3.0/avr51\libgcc.a(_udivmodsi4.o)
 .bss           0x00800144        0x0 c:/winavr-20080610/bin/../lib/gcc/avr/4.3.0/avr51\libgcc.a(_exit.o)
 .bss           0x00800144        0x0 c:/winavr-20080610/bin/../lib/gcc/avr/4.3.0/avr51\libgcc.a(_clear_bss.o)
 *(.bss*)
 *(COMMON)
 COMMON         0x00800144       0x3d pepper.o
                0x00800144                CAM_RESPONSE
                0x0080014e                BT_RESPONSE
                0x00800180                send
                0x00800181                PROVIDE (__bss_end, .)
                0x000006cc                __data_load_start = LOADADDR (.data)
                0x00000710                __data_load_end = (__data_load_start + SIZEOF (.data))

.noinit         0x00800181        0x0
                0x00800181                PROVIDE (__noinit_start, .)
 *(.noinit*)
                0x00800181                PROVIDE (__noinit_end, .)
                0x00800181                _end = .
                0x00800181                PROVIDE (__heap_start, .)

.eeprom         0x00810000        0x0
 *(.eeprom*)
                0x00810000                __eeprom_end = .

.fuse
 *(.fuse)
 *(.lfuse)
 *(.hfuse)
 *(.efuse)

.lock
 *(.lock*)

.signature
 *(.signature*)

.stab
 *(.stab)

.stabstr
 *(.stabstr)

.stab.excl
 *(.stab.excl)

.stab.exclstr
 *(.stab.exclstr)

.stab.index
 *(.stab.index)

.stab.indexstr
 *(.stab.indexstr)

.comment
 *(.comment)

.debug
 *(.debug)

.line
 *(.line)

.debug_srcinfo
 *(.debug_srcinfo)

.debug_sfnames
 *(.debug_sfnames)

.debug_aranges  0x00000000       0x80
 *(.debug_aranges)
 .debug_aranges
                0x00000000       0x20 uart.o
 .debug_aranges
                0x00000020       0x20 pepper.o
 .debug_aranges
                0x00000040       0x20 bt_lib.o
 .debug_aranges
                0x00000060       0x20 camera_lib.o

.debug_pubnames
                0x00000000      0x2db
 *(.debug_pubnames)
 .debug_pubnames
                0x00000000       0x7e uart.o
 .debug_pubnames
                0x0000007e       0x67 pepper.o
 .debug_pubnames
                0x000000e5       0x9c bt_lib.o
 .debug_pubnames
                0x00000181      0x15a camera_lib.o

.debug_info     0x00000000      0xb39
 *(.debug_info)
 .debug_info    0x00000000      0x157 uart.o
 .debug_info    0x00000157      0x2b8 pepper.o
 .debug_info    0x0000040f      0x25b bt_lib.o
 .debug_info    0x0000066a      0x4cf camera_lib.o
 *(.gnu.linkonce.wi.*)

.debug_abbrev   0x00000000      0x49d
 *(.debug_abbrev)
 .debug_abbrev  0x00000000       0x8f uart.o
 .debug_abbrev  0x0000008f      0x172 pepper.o
 .debug_abbrev  0x00000201      0x122 bt_lib.o
 .debug_abbrev  0x00000323      0x17a camera_lib.o

.debug_line     0x00000000      0x831
 *(.debug_line)
 .debug_line    0x00000000      0x13e uart.o
 .debug_line    0x0000013e      0x284 pepper.o
 .debug_line    0x000003c2      0x144 bt_lib.o
 .debug_line    0x00000506      0x32b camera_lib.o

.debug_frame    0x00000000      0x1a0
 *(.debug_frame)
 .debug_frame   0x00000000       0x70 uart.o
 .debug_frame   0x00000070       0x40 pepper.o
 .debug_frame   0x000000b0       0x70 bt_lib.o
 .debug_frame   0x00000120       0x80 camera_lib.o

.debug_str      0x00000000      0x323
 *(.debug_str)
 .debug_str     0x00000000      0x10f uart.o
                                0x148 (size before relaxing)
 .debug_str     0x0000010f       0x91 pepper.o
                                0x16a (size before relaxing)
 .debug_str     0x000001a0       0x6b bt_lib.o
                                0x150 (size before relaxing)
 .debug_str     0x0000020b      0x118 camera_lib.o
                                0x257 (size before relaxing)

.debug_loc      0x00000000      0x556
 *(.debug_loc)
 .debug_loc     0x00000000       0xe0 uart.o
 .debug_loc     0x000000e0       0xc0 pepper.o
 .debug_loc     0x000001a0      0x11b bt_lib.o
 .debug_loc     0x000002bb      0x29b camera_lib.o

.debug_macinfo
 *(.debug_macinfo)
OUTPUT(camera_test.elf elf32-avr)
LOAD linker stubs

.debug_ranges   0x00000000       0x90
 .debug_ranges  0x00000000       0x90 pepper.o
